// Jest Snapshot v1, https://goo.gl/fbAQLP

exports[`Component Header snapshot renders correctly 1`] = `
<div
  className="wrapper"
>
  <div
    className="header"
  >
    <img
      alt="Vehicles Browser"
      className="logo"
      src="logo.svg"
    />
    <div
      className="title"
    >
      Vehicles Browser
    </div>
    <div
      className="subtitle"
    >
      A tool for visualizing different types of vehicles
    </div>
  </div>
</div>
`;
