// Jest Snapshot v1, https://goo.gl/fbAQLP

exports[`Component VehicleList snapshot renders correctly 1`] = `
<div
  className="vehicleList"
>
  Loading...
</div>
`;
